Train/Rural/images_png/0.png Train/Rural/masks_png/0.png
Train/Rural/images_png/1.png Train/Rural/masks_png/1.png
Train/Rural/images_png/10.png Train/Rural/masks_png/10.png
Train/Rural/images_png/100.png Train/Rural/masks_png/100.png
Train/Rural/images_png/1000.png Train/Rural/masks_png/1000.png
Train/Rural/images_png/1001.png Train/Rural/masks_png/1001.png
Train/Rural/images_png/1002.png Train/Rural/masks_png/1002.png
Train/Rural/images_png/1003.png Train/Rural/masks_png/1003.png
Train/Rural/images_png/1004.png Train/Rural/masks_png/1004.png
Train/Rural/images_png/1005.png Train/Rural/masks_png/1005.png
Train/Rural/images_png/1006.png Train/Rural/masks_png/1006.png
Train/Rural/images_png/1007.png Train/Rural/masks_png/1007.png
Train/Rural/images_png/1008.png Train/Rural/masks_png/1008.png
Train/Rural/images_png/1009.png Train/Rural/masks_png/1009.png
Train/Rural/images_png/101.png Train/Rural/masks_png/101.png
Train/Rural/images_png/1010.png Train/Rural/masks_png/1010.png
Train/Rural/images_png/1011.png Train/Rural/masks_png/1011.png
Train/Rural/images_png/1012.png Train/Rural/masks_png/1012.png
Train/Rural/images_png/1013.png Train/Rural/masks_png/1013.png
Train/Rural/images_png/1014.png Train/Rural/masks_png/1014.png
Train/Rural/images_png/1015.png Train/Rural/masks_png/1015.png
Train/Rural/images_png/1016.png Train/Rural/masks_png/1016.png
Train/Rural/images_png/1017.png Train/Rural/masks_png/1017.png
Train/Rural/images_png/1018.png Train/Rural/masks_png/1018.png
Train/Rural/images_png/1019.png Train/Rural/masks_png/1019.png
Train/Rural/images_png/102.png Train/Rural/masks_png/102.png
Train/Rural/images_png/1020.png Train/Rural/masks_png/1020.png
Train/Rural/images_png/1021.png Train/Rural/masks_png/1021.png
Train/Rural/images_png/1022.png Train/Rural/masks_png/1022.png
Train/Rural/images_png/1023.png Train/Rural/masks_png/1023.png
Train/Rural/images_png/1024.png Train/Rural/masks_png/1024.png
Train/Rural/images_png/1025.png Train/Rural/masks_png/1025.png
Train/Rural/images_png/1026.png Train/Rural/masks_png/1026.png
Train/Rural/images_png/1027.png Train/Rural/masks_png/1027.png
Train/Rural/images_png/1028.png Train/Rural/masks_png/1028.png
Train/Rural/images_png/1029.png Train/Rural/masks_png/1029.png
Train/Rural/images_png/103.png Train/Rural/masks_png/103.png
Train/Rural/images_png/1030.png Train/Rural/masks_png/1030.png
Train/Rural/images_png/1031.png Train/Rural/masks_png/1031.png
Train/Rural/images_png/1032.png Train/Rural/masks_png/1032.png
Train/Rural/images_png/1033.png Train/Rural/masks_png/1033.png
Train/Rural/images_png/1034.png Train/Rural/masks_png/1034.png
Train/Rural/images_png/1035.png Train/Rural/masks_png/1035.png
Train/Rural/images_png/1036.png Train/Rural/masks_png/1036.png
Train/Rural/images_png/1037.png Train/Rural/masks_png/1037.png
Train/Rural/images_png/1038.png Train/Rural/masks_png/1038.png
Train/Rural/images_png/1039.png Train/Rural/masks_png/1039.png
Train/Rural/images_png/104.png Train/Rural/masks_png/104.png
Train/Rural/images_png/1040.png Train/Rural/masks_png/1040.png
Train/Rural/images_png/1041.png Train/Rural/masks_png/1041.png
Train/Rural/images_png/1042.png Train/Rural/masks_png/1042.png
Train/Rural/images_png/1043.png Train/Rural/masks_png/1043.png
Train/Rural/images_png/1044.png Train/Rural/masks_png/1044.png
Train/Rural/images_png/1045.png Train/Rural/masks_png/1045.png
Train/Rural/images_png/1046.png Train/Rural/masks_png/1046.png
Train/Rural/images_png/1047.png Train/Rural/masks_png/1047.png
Train/Rural/images_png/1048.png Train/Rural/masks_png/1048.png
Train/Rural/images_png/1049.png Train/Rural/masks_png/1049.png
Train/Rural/images_png/105.png Train/Rural/masks_png/105.png
Train/Rural/images_png/1050.png Train/Rural/masks_png/1050.png
Train/Rural/images_png/1051.png Train/Rural/masks_png/1051.png
Train/Rural/images_png/1052.png Train/Rural/masks_png/1052.png
Train/Rural/images_png/1053.png Train/Rural/masks_png/1053.png
Train/Rural/images_png/1054.png Train/Rural/masks_png/1054.png
Train/Rural/images_png/1055.png Train/Rural/masks_png/1055.png
Train/Rural/images_png/1056.png Train/Rural/masks_png/1056.png
Train/Rural/images_png/1057.png Train/Rural/masks_png/1057.png
Train/Rural/images_png/1058.png Train/Rural/masks_png/1058.png
Train/Rural/images_png/1059.png Train/Rural/masks_png/1059.png
Train/Rural/images_png/106.png Train/Rural/masks_png/106.png
Train/Rural/images_png/1060.png Train/Rural/masks_png/1060.png
Train/Rural/images_png/1061.png Train/Rural/masks_png/1061.png
Train/Rural/images_png/1062.png Train/Rural/masks_png/1062.png
Train/Rural/images_png/1063.png Train/Rural/masks_png/1063.png
Train/Rural/images_png/1064.png Train/Rural/masks_png/1064.png
Train/Rural/images_png/1065.png Train/Rural/masks_png/1065.png
Train/Rural/images_png/1066.png Train/Rural/masks_png/1066.png
Train/Rural/images_png/1067.png Train/Rural/masks_png/1067.png
Train/Rural/images_png/1068.png Train/Rural/masks_png/1068.png
Train/Rural/images_png/1069.png Train/Rural/masks_png/1069.png
Train/Rural/images_png/107.png Train/Rural/masks_png/107.png
Train/Rural/images_png/1070.png Train/Rural/masks_png/1070.png
Train/Rural/images_png/1071.png Train/Rural/masks_png/1071.png
Train/Rural/images_png/1072.png Train/Rural/masks_png/1072.png
Train/Rural/images_png/1073.png Train/Rural/masks_png/1073.png
Train/Rural/images_png/1074.png Train/Rural/masks_png/1074.png
Train/Rural/images_png/1075.png Train/Rural/masks_png/1075.png
Train/Rural/images_png/1076.png Train/Rural/masks_png/1076.png
Train/Rural/images_png/1077.png Train/Rural/masks_png/1077.png
Train/Rural/images_png/1078.png Train/Rural/masks_png/1078.png
Train/Rural/images_png/1079.png Train/Rural/masks_png/1079.png
Train/Rural/images_png/108.png Train/Rural/masks_png/108.png
Train/Rural/images_png/1080.png Train/Rural/masks_png/1080.png
Train/Rural/images_png/1081.png Train/Rural/masks_png/1081.png
Train/Rural/images_png/1082.png Train/Rural/masks_png/1082.png
Train/Rural/images_png/1083.png Train/Rural/masks_png/1083.png
Train/Rural/images_png/1084.png Train/Rural/masks_png/1084.png
Train/Rural/images_png/1085.png Train/Rural/masks_png/1085.png
Train/Rural/images_png/1086.png Train/Rural/masks_png/1086.png
Train/Rural/images_png/1087.png Train/Rural/masks_png/1087.png
Train/Rural/images_png/1088.png Train/Rural/masks_png/1088.png
Train/Rural/images_png/1089.png Train/Rural/masks_png/1089.png
Train/Rural/images_png/109.png Train/Rural/masks_png/109.png
Train/Rural/images_png/1090.png Train/Rural/masks_png/1090.png
Train/Rural/images_png/1091.png Train/Rural/masks_png/1091.png
Train/Rural/images_png/1092.png Train/Rural/masks_png/1092.png
Train/Rural/images_png/1093.png Train/Rural/masks_png/1093.png
Train/Rural/images_png/1094.png Train/Rural/masks_png/1094.png
Train/Rural/images_png/1095.png Train/Rural/masks_png/1095.png
Train/Rural/images_png/1096.png Train/Rural/masks_png/1096.png
Train/Rural/images_png/1097.png Train/Rural/masks_png/1097.png
Train/Rural/images_png/1098.png Train/Rural/masks_png/1098.png
Train/Rural/images_png/1099.png Train/Rural/masks_png/1099.png
Train/Rural/images_png/11.png Train/Rural/masks_png/11.png
Train/Rural/images_png/110.png Train/Rural/masks_png/110.png
Train/Rural/images_png/1100.png Train/Rural/masks_png/1100.png
Train/Rural/images_png/1101.png Train/Rural/masks_png/1101.png
Train/Rural/images_png/1102.png Train/Rural/masks_png/1102.png
Train/Rural/images_png/1103.png Train/Rural/masks_png/1103.png
Train/Rural/images_png/1104.png Train/Rural/masks_png/1104.png
Train/Rural/images_png/1105.png Train/Rural/masks_png/1105.png
Train/Rural/images_png/1106.png Train/Rural/masks_png/1106.png
Train/Rural/images_png/1107.png Train/Rural/masks_png/1107.png
Train/Rural/images_png/1108.png Train/Rural/masks_png/1108.png
Train/Rural/images_png/1109.png Train/Rural/masks_png/1109.png
Train/Rural/images_png/111.png Train/Rural/masks_png/111.png
Train/Rural/images_png/1110.png Train/Rural/masks_png/1110.png
Train/Rural/images_png/1111.png Train/Rural/masks_png/1111.png
Train/Rural/images_png/1112.png Train/Rural/masks_png/1112.png
Train/Rural/images_png/1113.png Train/Rural/masks_png/1113.png
Train/Rural/images_png/1114.png Train/Rural/masks_png/1114.png
Train/Rural/images_png/1115.png Train/Rural/masks_png/1115.png
Train/Rural/images_png/1116.png Train/Rural/masks_png/1116.png
Train/Rural/images_png/1117.png Train/Rural/masks_png/1117.png
Train/Rural/images_png/1118.png Train/Rural/masks_png/1118.png
Train/Rural/images_png/1119.png Train/Rural/masks_png/1119.png
Train/Rural/images_png/112.png Train/Rural/masks_png/112.png
Train/Rural/images_png/1120.png Train/Rural/masks_png/1120.png
Train/Rural/images_png/1121.png Train/Rural/masks_png/1121.png
Train/Rural/images_png/1122.png Train/Rural/masks_png/1122.png
Train/Rural/images_png/1123.png Train/Rural/masks_png/1123.png
Train/Rural/images_png/1124.png Train/Rural/masks_png/1124.png
Train/Rural/images_png/1125.png Train/Rural/masks_png/1125.png
Train/Rural/images_png/1126.png Train/Rural/masks_png/1126.png
Train/Rural/images_png/1127.png Train/Rural/masks_png/1127.png
Train/Rural/images_png/1128.png Train/Rural/masks_png/1128.png
Train/Rural/images_png/1129.png Train/Rural/masks_png/1129.png
Train/Rural/images_png/113.png Train/Rural/masks_png/113.png
Train/Rural/images_png/1130.png Train/Rural/masks_png/1130.png
Train/Rural/images_png/1131.png Train/Rural/masks_png/1131.png
Train/Rural/images_png/1132.png Train/Rural/masks_png/1132.png
Train/Rural/images_png/1133.png Train/Rural/masks_png/1133.png
Train/Rural/images_png/1134.png Train/Rural/masks_png/1134.png
Train/Rural/images_png/1135.png Train/Rural/masks_png/1135.png
Train/Rural/images_png/1136.png Train/Rural/masks_png/1136.png
Train/Rural/images_png/1137.png Train/Rural/masks_png/1137.png
Train/Rural/images_png/1138.png Train/Rural/masks_png/1138.png
Train/Rural/images_png/1139.png Train/Rural/masks_png/1139.png
Train/Rural/images_png/114.png Train/Rural/masks_png/114.png
Train/Rural/images_png/1140.png Train/Rural/masks_png/1140.png
Train/Rural/images_png/1141.png Train/Rural/masks_png/1141.png
Train/Rural/images_png/1142.png Train/Rural/masks_png/1142.png
Train/Rural/images_png/1143.png Train/Rural/masks_png/1143.png
Train/Rural/images_png/1144.png Train/Rural/masks_png/1144.png
Train/Rural/images_png/1145.png Train/Rural/masks_png/1145.png
Train/Rural/images_png/1146.png Train/Rural/masks_png/1146.png
Train/Rural/images_png/1147.png Train/Rural/masks_png/1147.png
Train/Rural/images_png/1148.png Train/Rural/masks_png/1148.png
Train/Rural/images_png/1149.png Train/Rural/masks_png/1149.png
Train/Rural/images_png/115.png Train/Rural/masks_png/115.png
Train/Rural/images_png/1150.png Train/Rural/masks_png/1150.png
Train/Rural/images_png/1151.png Train/Rural/masks_png/1151.png
Train/Rural/images_png/1152.png Train/Rural/masks_png/1152.png
Train/Rural/images_png/1153.png Train/Rural/masks_png/1153.png
Train/Rural/images_png/1154.png Train/Rural/masks_png/1154.png
Train/Rural/images_png/1155.png Train/Rural/masks_png/1155.png
Train/Rural/images_png/1156.png Train/Rural/masks_png/1156.png
Train/Rural/images_png/1157.png Train/Rural/masks_png/1157.png
Train/Rural/images_png/1158.png Train/Rural/masks_png/1158.png
Train/Rural/images_png/1159.png Train/Rural/masks_png/1159.png
Train/Rural/images_png/116.png Train/Rural/masks_png/116.png
Train/Rural/images_png/1160.png Train/Rural/masks_png/1160.png
Train/Rural/images_png/1161.png Train/Rural/masks_png/1161.png
Train/Rural/images_png/1162.png Train/Rural/masks_png/1162.png
Train/Rural/images_png/1163.png Train/Rural/masks_png/1163.png
Train/Rural/images_png/1164.png Train/Rural/masks_png/1164.png
Train/Rural/images_png/1165.png Train/Rural/masks_png/1165.png
Train/Rural/images_png/1166.png Train/Rural/masks_png/1166.png
Train/Rural/images_png/1167.png Train/Rural/masks_png/1167.png
Train/Rural/images_png/1168.png Train/Rural/masks_png/1168.png
Train/Rural/images_png/1169.png Train/Rural/masks_png/1169.png
Train/Rural/images_png/117.png Train/Rural/masks_png/117.png
Train/Rural/images_png/1170.png Train/Rural/masks_png/1170.png
Train/Rural/images_png/1171.png Train/Rural/masks_png/1171.png
Train/Rural/images_png/1172.png Train/Rural/masks_png/1172.png
Train/Rural/images_png/1173.png Train/Rural/masks_png/1173.png
Train/Rural/images_png/1174.png Train/Rural/masks_png/1174.png
Train/Rural/images_png/1175.png Train/Rural/masks_png/1175.png
Train/Rural/images_png/1176.png Train/Rural/masks_png/1176.png
Train/Rural/images_png/1177.png Train/Rural/masks_png/1177.png
Train/Rural/images_png/1178.png Train/Rural/masks_png/1178.png
Train/Rural/images_png/1179.png Train/Rural/masks_png/1179.png
Train/Rural/images_png/118.png Train/Rural/masks_png/118.png
Train/Rural/images_png/1180.png Train/Rural/masks_png/1180.png
Train/Rural/images_png/1181.png Train/Rural/masks_png/1181.png
Train/Rural/images_png/1182.png Train/Rural/masks_png/1182.png
Train/Rural/images_png/1183.png Train/Rural/masks_png/1183.png
Train/Rural/images_png/1184.png Train/Rural/masks_png/1184.png
Train/Rural/images_png/1185.png Train/Rural/masks_png/1185.png
Train/Rural/images_png/1186.png Train/Rural/masks_png/1186.png
Train/Rural/images_png/1187.png Train/Rural/masks_png/1187.png
Train/Rural/images_png/1188.png Train/Rural/masks_png/1188.png
Train/Rural/images_png/1189.png Train/Rural/masks_png/1189.png
Train/Rural/images_png/119.png Train/Rural/masks_png/119.png
Train/Rural/images_png/1190.png Train/Rural/masks_png/1190.png
Train/Rural/images_png/1191.png Train/Rural/masks_png/1191.png
Train/Rural/images_png/1192.png Train/Rural/masks_png/1192.png
Train/Rural/images_png/1193.png Train/Rural/masks_png/1193.png
Train/Rural/images_png/1194.png Train/Rural/masks_png/1194.png
Train/Rural/images_png/1195.png Train/Rural/masks_png/1195.png
Train/Rural/images_png/1196.png Train/Rural/masks_png/1196.png
Train/Rural/images_png/1197.png Train/Rural/masks_png/1197.png
Train/Rural/images_png/1198.png Train/Rural/masks_png/1198.png
Train/Rural/images_png/1199.png Train/Rural/masks_png/1199.png
Train/Rural/images_png/12.png Train/Rural/masks_png/12.png
Train/Rural/images_png/120.png Train/Rural/masks_png/120.png
Train/Rural/images_png/1200.png Train/Rural/masks_png/1200.png
Train/Rural/images_png/1201.png Train/Rural/masks_png/1201.png
Train/Rural/images_png/1202.png Train/Rural/masks_png/1202.png
Train/Rural/images_png/1203.png Train/Rural/masks_png/1203.png
Train/Rural/images_png/1204.png Train/Rural/masks_png/1204.png
Train/Rural/images_png/1205.png Train/Rural/masks_png/1205.png
Train/Rural/images_png/1206.png Train/Rural/masks_png/1206.png
Train/Rural/images_png/1207.png Train/Rural/masks_png/1207.png
Train/Rural/images_png/1208.png Train/Rural/masks_png/1208.png
Train/Rural/images_png/1209.png Train/Rural/masks_png/1209.png
Train/Rural/images_png/121.png Train/Rural/masks_png/121.png
Train/Rural/images_png/1210.png Train/Rural/masks_png/1210.png
Train/Rural/images_png/1211.png Train/Rural/masks_png/1211.png
Train/Rural/images_png/1212.png Train/Rural/masks_png/1212.png
Train/Rural/images_png/1213.png Train/Rural/masks_png/1213.png
Train/Rural/images_png/1214.png Train/Rural/masks_png/1214.png
Train/Rural/images_png/1215.png Train/Rural/masks_png/1215.png
Train/Rural/images_png/1216.png Train/Rural/masks_png/1216.png
Train/Rural/images_png/1217.png Train/Rural/masks_png/1217.png
Train/Rural/images_png/1218.png Train/Rural/masks_png/1218.png
Train/Rural/images_png/1219.png Train/Rural/masks_png/1219.png
Train/Rural/images_png/122.png Train/Rural/masks_png/122.png
Train/Rural/images_png/1220.png Train/Rural/masks_png/1220.png
Train/Rural/images_png/1221.png Train/Rural/masks_png/1221.png
Train/Rural/images_png/1222.png Train/Rural/masks_png/1222.png
Train/Rural/images_png/1223.png Train/Rural/masks_png/1223.png
Train/Rural/images_png/1224.png Train/Rural/masks_png/1224.png
Train/Rural/images_png/1225.png Train/Rural/masks_png/1225.png
Train/Rural/images_png/1226.png Train/Rural/masks_png/1226.png
Train/Rural/images_png/1227.png Train/Rural/masks_png/1227.png
Train/Rural/images_png/1228.png Train/Rural/masks_png/1228.png
Train/Rural/images_png/1229.png Train/Rural/masks_png/1229.png
Train/Rural/images_png/123.png Train/Rural/masks_png/123.png
Train/Rural/images_png/1230.png Train/Rural/masks_png/1230.png
Train/Rural/images_png/1231.png Train/Rural/masks_png/1231.png
Train/Rural/images_png/1232.png Train/Rural/masks_png/1232.png
Train/Rural/images_png/1233.png Train/Rural/masks_png/1233.png
Train/Rural/images_png/1234.png Train/Rural/masks_png/1234.png
Train/Rural/images_png/1235.png Train/Rural/masks_png/1235.png
Train/Rural/images_png/1236.png Train/Rural/masks_png/1236.png
Train/Rural/images_png/1237.png Train/Rural/masks_png/1237.png
Train/Rural/images_png/1238.png Train/Rural/masks_png/1238.png
Train/Rural/images_png/1239.png Train/Rural/masks_png/1239.png
Train/Rural/images_png/124.png Train/Rural/masks_png/124.png
Train/Rural/images_png/1240.png Train/Rural/masks_png/1240.png
Train/Rural/images_png/1241.png Train/Rural/masks_png/1241.png
Train/Rural/images_png/1242.png Train/Rural/masks_png/1242.png
Train/Rural/images_png/1243.png Train/Rural/masks_png/1243.png
Train/Rural/images_png/1244.png Train/Rural/masks_png/1244.png
Train/Rural/images_png/1245.png Train/Rural/masks_png/1245.png
Train/Rural/images_png/1246.png Train/Rural/masks_png/1246.png
Train/Rural/images_png/1247.png Train/Rural/masks_png/1247.png
Train/Rural/images_png/1248.png Train/Rural/masks_png/1248.png
Train/Rural/images_png/1249.png Train/Rural/masks_png/1249.png
Train/Rural/images_png/125.png Train/Rural/masks_png/125.png
Train/Rural/images_png/1250.png Train/Rural/masks_png/1250.png
Train/Rural/images_png/1251.png Train/Rural/masks_png/1251.png
Train/Rural/images_png/1252.png Train/Rural/masks_png/1252.png
Train/Rural/images_png/1253.png Train/Rural/masks_png/1253.png
Train/Rural/images_png/1254.png Train/Rural/masks_png/1254.png
Train/Rural/images_png/1255.png Train/Rural/masks_png/1255.png
Train/Rural/images_png/1256.png Train/Rural/masks_png/1256.png
Train/Rural/images_png/1257.png Train/Rural/masks_png/1257.png
Train/Rural/images_png/1258.png Train/Rural/masks_png/1258.png
Train/Rural/images_png/1259.png Train/Rural/masks_png/1259.png
Train/Rural/images_png/126.png Train/Rural/masks_png/126.png
Train/Rural/images_png/1260.png Train/Rural/masks_png/1260.png
Train/Rural/images_png/1261.png Train/Rural/masks_png/1261.png
Train/Rural/images_png/1262.png Train/Rural/masks_png/1262.png
Train/Rural/images_png/1263.png Train/Rural/masks_png/1263.png
Train/Rural/images_png/1264.png Train/Rural/masks_png/1264.png
Train/Rural/images_png/1265.png Train/Rural/masks_png/1265.png
Train/Rural/images_png/1266.png Train/Rural/masks_png/1266.png
Train/Rural/images_png/1267.png Train/Rural/masks_png/1267.png
Train/Rural/images_png/1268.png Train/Rural/masks_png/1268.png
Train/Rural/images_png/1269.png Train/Rural/masks_png/1269.png
Train/Rural/images_png/127.png Train/Rural/masks_png/127.png
Train/Rural/images_png/1270.png Train/Rural/masks_png/1270.png
Train/Rural/images_png/1271.png Train/Rural/masks_png/1271.png
Train/Rural/images_png/1272.png Train/Rural/masks_png/1272.png
Train/Rural/images_png/1273.png Train/Rural/masks_png/1273.png
Train/Rural/images_png/1274.png Train/Rural/masks_png/1274.png
Train/Rural/images_png/1275.png Train/Rural/masks_png/1275.png
Train/Rural/images_png/1276.png Train/Rural/masks_png/1276.png
Train/Rural/images_png/1277.png Train/Rural/masks_png/1277.png
Train/Rural/images_png/1278.png Train/Rural/masks_png/1278.png
Train/Rural/images_png/1279.png Train/Rural/masks_png/1279.png
Train/Rural/images_png/128.png Train/Rural/masks_png/128.png
Train/Rural/images_png/1280.png Train/Rural/masks_png/1280.png
Train/Rural/images_png/1281.png Train/Rural/masks_png/1281.png
Train/Rural/images_png/1282.png Train/Rural/masks_png/1282.png
Train/Rural/images_png/1283.png Train/Rural/masks_png/1283.png
Train/Rural/images_png/1284.png Train/Rural/masks_png/1284.png
Train/Rural/images_png/1285.png Train/Rural/masks_png/1285.png
Train/Rural/images_png/1286.png Train/Rural/masks_png/1286.png
Train/Rural/images_png/1287.png Train/Rural/masks_png/1287.png
Train/Rural/images_png/1288.png Train/Rural/masks_png/1288.png
Train/Rural/images_png/1289.png Train/Rural/masks_png/1289.png
Train/Rural/images_png/129.png Train/Rural/masks_png/129.png
Train/Rural/images_png/1290.png Train/Rural/masks_png/1290.png
Train/Rural/images_png/1291.png Train/Rural/masks_png/1291.png
Train/Rural/images_png/1292.png Train/Rural/masks_png/1292.png
Train/Rural/images_png/1293.png Train/Rural/masks_png/1293.png
Train/Rural/images_png/1294.png Train/Rural/masks_png/1294.png
Train/Rural/images_png/1295.png Train/Rural/masks_png/1295.png
Train/Rural/images_png/1296.png Train/Rural/masks_png/1296.png
Train/Rural/images_png/1297.png Train/Rural/masks_png/1297.png
Train/Rural/images_png/1298.png Train/Rural/masks_png/1298.png
Train/Rural/images_png/1299.png Train/Rural/masks_png/1299.png
Train/Rural/images_png/13.png Train/Rural/masks_png/13.png
Train/Rural/images_png/130.png Train/Rural/masks_png/130.png
Train/Rural/images_png/1300.png Train/Rural/masks_png/1300.png
Train/Rural/images_png/1301.png Train/Rural/masks_png/1301.png
Train/Rural/images_png/1302.png Train/Rural/masks_png/1302.png
Train/Rural/images_png/1303.png Train/Rural/masks_png/1303.png
Train/Rural/images_png/1304.png Train/Rural/masks_png/1304.png
Train/Rural/images_png/1305.png Train/Rural/masks_png/1305.png
Train/Rural/images_png/1306.png Train/Rural/masks_png/1306.png
Train/Rural/images_png/1307.png Train/Rural/masks_png/1307.png
Train/Rural/images_png/1308.png Train/Rural/masks_png/1308.png
Train/Rural/images_png/1309.png Train/Rural/masks_png/1309.png
Train/Rural/images_png/131.png Train/Rural/masks_png/131.png
Train/Rural/images_png/1310.png Train/Rural/masks_png/1310.png
Train/Rural/images_png/1311.png Train/Rural/masks_png/1311.png
Train/Rural/images_png/1312.png Train/Rural/masks_png/1312.png
Train/Rural/images_png/1313.png Train/Rural/masks_png/1313.png
Train/Rural/images_png/1314.png Train/Rural/masks_png/1314.png
Train/Rural/images_png/1315.png Train/Rural/masks_png/1315.png
Train/Rural/images_png/1316.png Train/Rural/masks_png/1316.png
Train/Rural/images_png/1317.png Train/Rural/masks_png/1317.png
Train/Rural/images_png/1318.png Train/Rural/masks_png/1318.png
Train/Rural/images_png/1319.png Train/Rural/masks_png/1319.png
Train/Rural/images_png/132.png Train/Rural/masks_png/132.png
Train/Rural/images_png/1320.png Train/Rural/masks_png/1320.png
Train/Rural/images_png/1321.png Train/Rural/masks_png/1321.png
Train/Rural/images_png/1322.png Train/Rural/masks_png/1322.png
Train/Rural/images_png/1323.png Train/Rural/masks_png/1323.png
Train/Rural/images_png/1324.png Train/Rural/masks_png/1324.png
Train/Rural/images_png/1325.png Train/Rural/masks_png/1325.png
Train/Rural/images_png/1326.png Train/Rural/masks_png/1326.png
Train/Rural/images_png/1327.png Train/Rural/masks_png/1327.png
Train/Rural/images_png/1328.png Train/Rural/masks_png/1328.png
Train/Rural/images_png/1329.png Train/Rural/masks_png/1329.png
Train/Rural/images_png/133.png Train/Rural/masks_png/133.png
Train/Rural/images_png/1330.png Train/Rural/masks_png/1330.png
Train/Rural/images_png/1331.png Train/Rural/masks_png/1331.png
Train/Rural/images_png/1332.png Train/Rural/masks_png/1332.png
Train/Rural/images_png/1333.png Train/Rural/masks_png/1333.png
Train/Rural/images_png/1334.png Train/Rural/masks_png/1334.png
Train/Rural/images_png/1335.png Train/Rural/masks_png/1335.png
Train/Rural/images_png/1336.png Train/Rural/masks_png/1336.png
Train/Rural/images_png/1337.png Train/Rural/masks_png/1337.png
Train/Rural/images_png/1338.png Train/Rural/masks_png/1338.png
Train/Rural/images_png/1339.png Train/Rural/masks_png/1339.png
Train/Rural/images_png/134.png Train/Rural/masks_png/134.png
Train/Rural/images_png/1340.png Train/Rural/masks_png/1340.png
Train/Rural/images_png/1341.png Train/Rural/masks_png/1341.png
Train/Rural/images_png/1342.png Train/Rural/masks_png/1342.png
Train/Rural/images_png/1343.png Train/Rural/masks_png/1343.png
Train/Rural/images_png/1344.png Train/Rural/masks_png/1344.png
Train/Rural/images_png/1345.png Train/Rural/masks_png/1345.png
Train/Rural/images_png/1346.png Train/Rural/masks_png/1346.png
Train/Rural/images_png/1347.png Train/Rural/masks_png/1347.png
Train/Rural/images_png/1348.png Train/Rural/masks_png/1348.png
Train/Rural/images_png/1349.png Train/Rural/masks_png/1349.png
Train/Rural/images_png/135.png Train/Rural/masks_png/135.png
Train/Rural/images_png/1350.png Train/Rural/masks_png/1350.png
Train/Rural/images_png/1351.png Train/Rural/masks_png/1351.png
Train/Rural/images_png/1352.png Train/Rural/masks_png/1352.png
Train/Rural/images_png/1353.png Train/Rural/masks_png/1353.png
Train/Rural/images_png/1354.png Train/Rural/masks_png/1354.png
Train/Rural/images_png/1355.png Train/Rural/masks_png/1355.png
Train/Rural/images_png/1356.png Train/Rural/masks_png/1356.png
Train/Rural/images_png/1357.png Train/Rural/masks_png/1357.png
Train/Rural/images_png/1358.png Train/Rural/masks_png/1358.png
Train/Rural/images_png/1359.png Train/Rural/masks_png/1359.png
Train/Rural/images_png/136.png Train/Rural/masks_png/136.png
Train/Rural/images_png/1360.png Train/Rural/masks_png/1360.png
Train/Rural/images_png/1361.png Train/Rural/masks_png/1361.png
Train/Rural/images_png/1362.png Train/Rural/masks_png/1362.png
Train/Rural/images_png/1363.png Train/Rural/masks_png/1363.png
Train/Rural/images_png/1364.png Train/Rural/masks_png/1364.png
Train/Rural/images_png/1365.png Train/Rural/masks_png/1365.png
Train/Rural/images_png/137.png Train/Rural/masks_png/137.png
Train/Rural/images_png/138.png Train/Rural/masks_png/138.png
Train/Rural/images_png/139.png Train/Rural/masks_png/139.png
Train/Rural/images_png/14.png Train/Rural/masks_png/14.png
Train/Rural/images_png/140.png Train/Rural/masks_png/140.png
Train/Rural/images_png/141.png Train/Rural/masks_png/141.png
Train/Rural/images_png/142.png Train/Rural/masks_png/142.png
Train/Rural/images_png/143.png Train/Rural/masks_png/143.png
Train/Rural/images_png/144.png Train/Rural/masks_png/144.png
Train/Rural/images_png/145.png Train/Rural/masks_png/145.png
Train/Rural/images_png/146.png Train/Rural/masks_png/146.png
Train/Rural/images_png/147.png Train/Rural/masks_png/147.png
Train/Rural/images_png/148.png Train/Rural/masks_png/148.png
Train/Rural/images_png/149.png Train/Rural/masks_png/149.png
Train/Rural/images_png/15.png Train/Rural/masks_png/15.png
Train/Rural/images_png/150.png Train/Rural/masks_png/150.png
Train/Rural/images_png/151.png Train/Rural/masks_png/151.png
Train/Rural/images_png/152.png Train/Rural/masks_png/152.png
Train/Rural/images_png/153.png Train/Rural/masks_png/153.png
Train/Rural/images_png/154.png Train/Rural/masks_png/154.png
Train/Rural/images_png/155.png Train/Rural/masks_png/155.png
Train/Rural/images_png/156.png Train/Rural/masks_png/156.png
Train/Rural/images_png/157.png Train/Rural/masks_png/157.png
Train/Rural/images_png/158.png Train/Rural/masks_png/158.png
Train/Rural/images_png/159.png Train/Rural/masks_png/159.png
Train/Rural/images_png/16.png Train/Rural/masks_png/16.png
Train/Rural/images_png/160.png Train/Rural/masks_png/160.png
Train/Rural/images_png/161.png Train/Rural/masks_png/161.png
Train/Rural/images_png/162.png Train/Rural/masks_png/162.png
Train/Rural/images_png/163.png Train/Rural/masks_png/163.png
Train/Rural/images_png/164.png Train/Rural/masks_png/164.png
Train/Rural/images_png/165.png Train/Rural/masks_png/165.png
Train/Rural/images_png/166.png Train/Rural/masks_png/166.png
Train/Rural/images_png/167.png Train/Rural/masks_png/167.png
Train/Rural/images_png/168.png Train/Rural/masks_png/168.png
Train/Rural/images_png/169.png Train/Rural/masks_png/169.png
Train/Rural/images_png/17.png Train/Rural/masks_png/17.png
Train/Rural/images_png/170.png Train/Rural/masks_png/170.png
Train/Rural/images_png/171.png Train/Rural/masks_png/171.png
Train/Rural/images_png/172.png Train/Rural/masks_png/172.png
Train/Rural/images_png/173.png Train/Rural/masks_png/173.png
Train/Rural/images_png/174.png Train/Rural/masks_png/174.png
Train/Rural/images_png/175.png Train/Rural/masks_png/175.png
Train/Rural/images_png/176.png Train/Rural/masks_png/176.png
Train/Rural/images_png/177.png Train/Rural/masks_png/177.png
Train/Rural/images_png/178.png Train/Rural/masks_png/178.png
Train/Rural/images_png/179.png Train/Rural/masks_png/179.png
Train/Rural/images_png/18.png Train/Rural/masks_png/18.png
Train/Rural/images_png/180.png Train/Rural/masks_png/180.png
Train/Rural/images_png/181.png Train/Rural/masks_png/181.png
Train/Rural/images_png/182.png Train/Rural/masks_png/182.png
Train/Rural/images_png/183.png Train/Rural/masks_png/183.png
Train/Rural/images_png/184.png Train/Rural/masks_png/184.png
Train/Rural/images_png/185.png Train/Rural/masks_png/185.png
Train/Rural/images_png/186.png Train/Rural/masks_png/186.png
Train/Rural/images_png/187.png Train/Rural/masks_png/187.png
Train/Rural/images_png/188.png Train/Rural/masks_png/188.png
Train/Rural/images_png/189.png Train/Rural/masks_png/189.png
Train/Rural/images_png/19.png Train/Rural/masks_png/19.png
Train/Rural/images_png/190.png Train/Rural/masks_png/190.png
Train/Rural/images_png/191.png Train/Rural/masks_png/191.png
Train/Rural/images_png/192.png Train/Rural/masks_png/192.png
Train/Rural/images_png/193.png Train/Rural/masks_png/193.png
Train/Rural/images_png/194.png Train/Rural/masks_png/194.png
Train/Rural/images_png/195.png Train/Rural/masks_png/195.png
Train/Rural/images_png/196.png Train/Rural/masks_png/196.png
Train/Rural/images_png/197.png Train/Rural/masks_png/197.png
Train/Rural/images_png/198.png Train/Rural/masks_png/198.png
Train/Rural/images_png/199.png Train/Rural/masks_png/199.png
Train/Rural/images_png/2.png Train/Rural/masks_png/2.png
Train/Rural/images_png/20.png Train/Rural/masks_png/20.png
Train/Rural/images_png/200.png Train/Rural/masks_png/200.png
Train/Rural/images_png/201.png Train/Rural/masks_png/201.png
Train/Rural/images_png/202.png Train/Rural/masks_png/202.png
Train/Rural/images_png/203.png Train/Rural/masks_png/203.png
Train/Rural/images_png/204.png Train/Rural/masks_png/204.png
Train/Rural/images_png/205.png Train/Rural/masks_png/205.png
Train/Rural/images_png/206.png Train/Rural/masks_png/206.png
Train/Rural/images_png/207.png Train/Rural/masks_png/207.png
Train/Rural/images_png/208.png Train/Rural/masks_png/208.png
Train/Rural/images_png/209.png Train/Rural/masks_png/209.png
Train/Rural/images_png/21.png Train/Rural/masks_png/21.png
Train/Rural/images_png/210.png Train/Rural/masks_png/210.png
Train/Rural/images_png/211.png Train/Rural/masks_png/211.png
Train/Rural/images_png/212.png Train/Rural/masks_png/212.png
Train/Rural/images_png/213.png Train/Rural/masks_png/213.png
Train/Rural/images_png/214.png Train/Rural/masks_png/214.png
Train/Rural/images_png/215.png Train/Rural/masks_png/215.png
Train/Rural/images_png/216.png Train/Rural/masks_png/216.png
Train/Rural/images_png/217.png Train/Rural/masks_png/217.png
Train/Rural/images_png/218.png Train/Rural/masks_png/218.png
Train/Rural/images_png/219.png Train/Rural/masks_png/219.png
Train/Rural/images_png/22.png Train/Rural/masks_png/22.png
Train/Rural/images_png/220.png Train/Rural/masks_png/220.png
Train/Rural/images_png/221.png Train/Rural/masks_png/221.png
Train/Rural/images_png/222.png Train/Rural/masks_png/222.png
Train/Rural/images_png/223.png Train/Rural/masks_png/223.png
Train/Rural/images_png/224.png Train/Rural/masks_png/224.png
Train/Rural/images_png/225.png Train/Rural/masks_png/225.png
Train/Rural/images_png/226.png Train/Rural/masks_png/226.png
Train/Rural/images_png/227.png Train/Rural/masks_png/227.png
Train/Rural/images_png/228.png Train/Rural/masks_png/228.png
Train/Rural/images_png/229.png Train/Rural/masks_png/229.png
Train/Rural/images_png/23.png Train/Rural/masks_png/23.png
Train/Rural/images_png/230.png Train/Rural/masks_png/230.png
Train/Rural/images_png/231.png Train/Rural/masks_png/231.png
Train/Rural/images_png/232.png Train/Rural/masks_png/232.png
Train/Rural/images_png/233.png Train/Rural/masks_png/233.png
Train/Rural/images_png/234.png Train/Rural/masks_png/234.png
Train/Rural/images_png/235.png Train/Rural/masks_png/235.png
Train/Rural/images_png/236.png Train/Rural/masks_png/236.png
Train/Rural/images_png/237.png Train/Rural/masks_png/237.png
Train/Rural/images_png/238.png Train/Rural/masks_png/238.png
Train/Rural/images_png/239.png Train/Rural/masks_png/239.png
Train/Rural/images_png/24.png Train/Rural/masks_png/24.png
Train/Rural/images_png/240.png Train/Rural/masks_png/240.png
Train/Rural/images_png/241.png Train/Rural/masks_png/241.png
Train/Rural/images_png/242.png Train/Rural/masks_png/242.png
Train/Rural/images_png/243.png Train/Rural/masks_png/243.png
Train/Rural/images_png/244.png Train/Rural/masks_png/244.png
Train/Rural/images_png/245.png Train/Rural/masks_png/245.png
Train/Rural/images_png/246.png Train/Rural/masks_png/246.png
Train/Rural/images_png/247.png Train/Rural/masks_png/247.png
Train/Rural/images_png/248.png Train/Rural/masks_png/248.png
Train/Rural/images_png/249.png Train/Rural/masks_png/249.png
Train/Rural/images_png/25.png Train/Rural/masks_png/25.png
Train/Rural/images_png/250.png Train/Rural/masks_png/250.png
Train/Rural/images_png/251.png Train/Rural/masks_png/251.png
Train/Rural/images_png/252.png Train/Rural/masks_png/252.png
Train/Rural/images_png/253.png Train/Rural/masks_png/253.png
Train/Rural/images_png/254.png Train/Rural/masks_png/254.png
Train/Rural/images_png/255.png Train/Rural/masks_png/255.png
Train/Rural/images_png/256.png Train/Rural/masks_png/256.png
Train/Rural/images_png/257.png Train/Rural/masks_png/257.png
Train/Rural/images_png/258.png Train/Rural/masks_png/258.png
Train/Rural/images_png/259.png Train/Rural/masks_png/259.png
Train/Rural/images_png/26.png Train/Rural/masks_png/26.png
Train/Rural/images_png/260.png Train/Rural/masks_png/260.png
Train/Rural/images_png/261.png Train/Rural/masks_png/261.png
Train/Rural/images_png/262.png Train/Rural/masks_png/262.png
Train/Rural/images_png/263.png Train/Rural/masks_png/263.png
Train/Rural/images_png/264.png Train/Rural/masks_png/264.png
Train/Rural/images_png/265.png Train/Rural/masks_png/265.png
Train/Rural/images_png/266.png Train/Rural/masks_png/266.png
Train/Rural/images_png/267.png Train/Rural/masks_png/267.png
Train/Rural/images_png/268.png Train/Rural/masks_png/268.png
Train/Rural/images_png/269.png Train/Rural/masks_png/269.png
Train/Rural/images_png/27.png Train/Rural/masks_png/27.png
Train/Rural/images_png/270.png Train/Rural/masks_png/270.png
Train/Rural/images_png/271.png Train/Rural/masks_png/271.png
Train/Rural/images_png/272.png Train/Rural/masks_png/272.png
Train/Rural/images_png/273.png Train/Rural/masks_png/273.png
Train/Rural/images_png/274.png Train/Rural/masks_png/274.png
Train/Rural/images_png/275.png Train/Rural/masks_png/275.png
Train/Rural/images_png/276.png Train/Rural/masks_png/276.png
Train/Rural/images_png/277.png Train/Rural/masks_png/277.png
Train/Rural/images_png/278.png Train/Rural/masks_png/278.png
Train/Rural/images_png/279.png Train/Rural/masks_png/279.png
Train/Rural/images_png/28.png Train/Rural/masks_png/28.png
Train/Rural/images_png/280.png Train/Rural/masks_png/280.png
Train/Rural/images_png/281.png Train/Rural/masks_png/281.png
Train/Rural/images_png/282.png Train/Rural/masks_png/282.png
Train/Rural/images_png/283.png Train/Rural/masks_png/283.png
Train/Rural/images_png/284.png Train/Rural/masks_png/284.png
Train/Rural/images_png/285.png Train/Rural/masks_png/285.png
Train/Rural/images_png/286.png Train/Rural/masks_png/286.png
Train/Rural/images_png/287.png Train/Rural/masks_png/287.png
Train/Rural/images_png/288.png Train/Rural/masks_png/288.png
Train/Rural/images_png/289.png Train/Rural/masks_png/289.png
Train/Rural/images_png/29.png Train/Rural/masks_png/29.png
Train/Rural/images_png/290.png Train/Rural/masks_png/290.png
Train/Rural/images_png/291.png Train/Rural/masks_png/291.png
Train/Rural/images_png/292.png Train/Rural/masks_png/292.png
Train/Rural/images_png/293.png Train/Rural/masks_png/293.png
Train/Rural/images_png/294.png Train/Rural/masks_png/294.png
Train/Rural/images_png/295.png Train/Rural/masks_png/295.png
Train/Rural/images_png/296.png Train/Rural/masks_png/296.png
Train/Rural/images_png/297.png Train/Rural/masks_png/297.png
Train/Rural/images_png/298.png Train/Rural/masks_png/298.png
Train/Rural/images_png/299.png Train/Rural/masks_png/299.png
Train/Rural/images_png/3.png Train/Rural/masks_png/3.png
Train/Rural/images_png/30.png Train/Rural/masks_png/30.png
Train/Rural/images_png/300.png Train/Rural/masks_png/300.png
Train/Rural/images_png/301.png Train/Rural/masks_png/301.png
Train/Rural/images_png/302.png Train/Rural/masks_png/302.png
Train/Rural/images_png/303.png Train/Rural/masks_png/303.png
Train/Rural/images_png/304.png Train/Rural/masks_png/304.png
Train/Rural/images_png/305.png Train/Rural/masks_png/305.png
Train/Rural/images_png/306.png Train/Rural/masks_png/306.png
Train/Rural/images_png/307.png Train/Rural/masks_png/307.png
Train/Rural/images_png/308.png Train/Rural/masks_png/308.png
Train/Rural/images_png/309.png Train/Rural/masks_png/309.png
Train/Rural/images_png/31.png Train/Rural/masks_png/31.png
Train/Rural/images_png/310.png Train/Rural/masks_png/310.png
Train/Rural/images_png/311.png Train/Rural/masks_png/311.png
Train/Rural/images_png/312.png Train/Rural/masks_png/312.png
Train/Rural/images_png/313.png Train/Rural/masks_png/313.png
Train/Rural/images_png/314.png Train/Rural/masks_png/314.png
Train/Rural/images_png/315.png Train/Rural/masks_png/315.png
Train/Rural/images_png/316.png Train/Rural/masks_png/316.png
Train/Rural/images_png/317.png Train/Rural/masks_png/317.png
Train/Rural/images_png/318.png Train/Rural/masks_png/318.png
Train/Rural/images_png/319.png Train/Rural/masks_png/319.png
Train/Rural/images_png/32.png Train/Rural/masks_png/32.png
Train/Rural/images_png/320.png Train/Rural/masks_png/320.png
Train/Rural/images_png/321.png Train/Rural/masks_png/321.png
Train/Rural/images_png/322.png Train/Rural/masks_png/322.png
Train/Rural/images_png/323.png Train/Rural/masks_png/323.png
Train/Rural/images_png/324.png Train/Rural/masks_png/324.png
Train/Rural/images_png/325.png Train/Rural/masks_png/325.png
Train/Rural/images_png/326.png Train/Rural/masks_png/326.png
Train/Rural/images_png/327.png Train/Rural/masks_png/327.png
Train/Rural/images_png/328.png Train/Rural/masks_png/328.png
Train/Rural/images_png/329.png Train/Rural/masks_png/329.png
Train/Rural/images_png/33.png Train/Rural/masks_png/33.png
Train/Rural/images_png/330.png Train/Rural/masks_png/330.png
Train/Rural/images_png/331.png Train/Rural/masks_png/331.png
Train/Rural/images_png/332.png Train/Rural/masks_png/332.png
Train/Rural/images_png/333.png Train/Rural/masks_png/333.png
Train/Rural/images_png/334.png Train/Rural/masks_png/334.png
Train/Rural/images_png/335.png Train/Rural/masks_png/335.png
Train/Rural/images_png/336.png Train/Rural/masks_png/336.png
Train/Rural/images_png/337.png Train/Rural/masks_png/337.png
Train/Rural/images_png/338.png Train/Rural/masks_png/338.png
Train/Rural/images_png/339.png Train/Rural/masks_png/339.png
Train/Rural/images_png/34.png Train/Rural/masks_png/34.png
Train/Rural/images_png/340.png Train/Rural/masks_png/340.png
Train/Rural/images_png/341.png Train/Rural/masks_png/341.png
Train/Rural/images_png/342.png Train/Rural/masks_png/342.png
Train/Rural/images_png/343.png Train/Rural/masks_png/343.png
Train/Rural/images_png/344.png Train/Rural/masks_png/344.png
Train/Rural/images_png/345.png Train/Rural/masks_png/345.png
Train/Rural/images_png/346.png Train/Rural/masks_png/346.png
Train/Rural/images_png/347.png Train/Rural/masks_png/347.png
Train/Rural/images_png/348.png Train/Rural/masks_png/348.png
Train/Rural/images_png/349.png Train/Rural/masks_png/349.png
Train/Rural/images_png/35.png Train/Rural/masks_png/35.png
Train/Rural/images_png/350.png Train/Rural/masks_png/350.png
Train/Rural/images_png/351.png Train/Rural/masks_png/351.png
Train/Rural/images_png/352.png Train/Rural/masks_png/352.png
Train/Rural/images_png/353.png Train/Rural/masks_png/353.png
Train/Rural/images_png/354.png Train/Rural/masks_png/354.png
Train/Rural/images_png/355.png Train/Rural/masks_png/355.png
Train/Rural/images_png/356.png Train/Rural/masks_png/356.png
Train/Rural/images_png/357.png Train/Rural/masks_png/357.png
Train/Rural/images_png/358.png Train/Rural/masks_png/358.png
Train/Rural/images_png/359.png Train/Rural/masks_png/359.png
Train/Rural/images_png/36.png Train/Rural/masks_png/36.png
Train/Rural/images_png/360.png Train/Rural/masks_png/360.png
Train/Rural/images_png/361.png Train/Rural/masks_png/361.png
Train/Rural/images_png/362.png Train/Rural/masks_png/362.png
Train/Rural/images_png/363.png Train/Rural/masks_png/363.png
Train/Rural/images_png/364.png Train/Rural/masks_png/364.png
Train/Rural/images_png/365.png Train/Rural/masks_png/365.png
Train/Rural/images_png/366.png Train/Rural/masks_png/366.png
Train/Rural/images_png/367.png Train/Rural/masks_png/367.png
Train/Rural/images_png/368.png Train/Rural/masks_png/368.png
Train/Rural/images_png/369.png Train/Rural/masks_png/369.png
Train/Rural/images_png/37.png Train/Rural/masks_png/37.png
Train/Rural/images_png/370.png Train/Rural/masks_png/370.png
Train/Rural/images_png/371.png Train/Rural/masks_png/371.png
Train/Rural/images_png/372.png Train/Rural/masks_png/372.png
Train/Rural/images_png/373.png Train/Rural/masks_png/373.png
Train/Rural/images_png/374.png Train/Rural/masks_png/374.png
Train/Rural/images_png/375.png Train/Rural/masks_png/375.png
Train/Rural/images_png/376.png Train/Rural/masks_png/376.png
Train/Rural/images_png/377.png Train/Rural/masks_png/377.png
Train/Rural/images_png/378.png Train/Rural/masks_png/378.png
Train/Rural/images_png/379.png Train/Rural/masks_png/379.png
Train/Rural/images_png/38.png Train/Rural/masks_png/38.png
Train/Rural/images_png/380.png Train/Rural/masks_png/380.png
Train/Rural/images_png/381.png Train/Rural/masks_png/381.png
Train/Rural/images_png/382.png Train/Rural/masks_png/382.png
Train/Rural/images_png/383.png Train/Rural/masks_png/383.png
Train/Rural/images_png/384.png Train/Rural/masks_png/384.png
Train/Rural/images_png/385.png Train/Rural/masks_png/385.png
Train/Rural/images_png/386.png Train/Rural/masks_png/386.png
Train/Rural/images_png/387.png Train/Rural/masks_png/387.png
Train/Rural/images_png/388.png Train/Rural/masks_png/388.png
Train/Rural/images_png/389.png Train/Rural/masks_png/389.png
Train/Rural/images_png/39.png Train/Rural/masks_png/39.png
Train/Rural/images_png/390.png Train/Rural/masks_png/390.png
Train/Rural/images_png/391.png Train/Rural/masks_png/391.png
Train/Rural/images_png/392.png Train/Rural/masks_png/392.png
Train/Rural/images_png/393.png Train/Rural/masks_png/393.png
Train/Rural/images_png/394.png Train/Rural/masks_png/394.png
Train/Rural/images_png/395.png Train/Rural/masks_png/395.png
Train/Rural/images_png/396.png Train/Rural/masks_png/396.png
Train/Rural/images_png/397.png Train/Rural/masks_png/397.png
Train/Rural/images_png/398.png Train/Rural/masks_png/398.png
Train/Rural/images_png/399.png Train/Rural/masks_png/399.png
Train/Rural/images_png/4.png Train/Rural/masks_png/4.png
Train/Rural/images_png/40.png Train/Rural/masks_png/40.png
Train/Rural/images_png/400.png Train/Rural/masks_png/400.png
Train/Rural/images_png/401.png Train/Rural/masks_png/401.png
Train/Rural/images_png/402.png Train/Rural/masks_png/402.png
Train/Rural/images_png/403.png Train/Rural/masks_png/403.png
Train/Rural/images_png/404.png Train/Rural/masks_png/404.png
Train/Rural/images_png/405.png Train/Rural/masks_png/405.png
Train/Rural/images_png/406.png Train/Rural/masks_png/406.png
Train/Rural/images_png/407.png Train/Rural/masks_png/407.png
Train/Rural/images_png/408.png Train/Rural/masks_png/408.png
Train/Rural/images_png/409.png Train/Rural/masks_png/409.png
Train/Rural/images_png/41.png Train/Rural/masks_png/41.png
Train/Rural/images_png/410.png Train/Rural/masks_png/410.png
Train/Rural/images_png/411.png Train/Rural/masks_png/411.png
Train/Rural/images_png/412.png Train/Rural/masks_png/412.png
Train/Rural/images_png/413.png Train/Rural/masks_png/413.png
Train/Rural/images_png/414.png Train/Rural/masks_png/414.png
Train/Rural/images_png/415.png Train/Rural/masks_png/415.png
Train/Rural/images_png/416.png Train/Rural/masks_png/416.png
Train/Rural/images_png/417.png Train/Rural/masks_png/417.png
Train/Rural/images_png/418.png Train/Rural/masks_png/418.png
Train/Rural/images_png/419.png Train/Rural/masks_png/419.png
Train/Rural/images_png/42.png Train/Rural/masks_png/42.png
Train/Rural/images_png/420.png Train/Rural/masks_png/420.png
Train/Rural/images_png/421.png Train/Rural/masks_png/421.png
Train/Rural/images_png/422.png Train/Rural/masks_png/422.png
Train/Rural/images_png/423.png Train/Rural/masks_png/423.png
Train/Rural/images_png/424.png Train/Rural/masks_png/424.png
Train/Rural/images_png/425.png Train/Rural/masks_png/425.png
Train/Rural/images_png/426.png Train/Rural/masks_png/426.png
Train/Rural/images_png/427.png Train/Rural/masks_png/427.png
Train/Rural/images_png/428.png Train/Rural/masks_png/428.png
Train/Rural/images_png/429.png Train/Rural/masks_png/429.png
Train/Rural/images_png/43.png Train/Rural/masks_png/43.png
Train/Rural/images_png/430.png Train/Rural/masks_png/430.png
Train/Rural/images_png/431.png Train/Rural/masks_png/431.png
Train/Rural/images_png/432.png Train/Rural/masks_png/432.png
Train/Rural/images_png/433.png Train/Rural/masks_png/433.png
Train/Rural/images_png/434.png Train/Rural/masks_png/434.png
Train/Rural/images_png/435.png Train/Rural/masks_png/435.png
Train/Rural/images_png/436.png Train/Rural/masks_png/436.png
Train/Rural/images_png/437.png Train/Rural/masks_png/437.png
Train/Rural/images_png/438.png Train/Rural/masks_png/438.png
Train/Rural/images_png/439.png Train/Rural/masks_png/439.png
Train/Rural/images_png/44.png Train/Rural/masks_png/44.png
Train/Rural/images_png/440.png Train/Rural/masks_png/440.png
Train/Rural/images_png/441.png Train/Rural/masks_png/441.png
Train/Rural/images_png/442.png Train/Rural/masks_png/442.png
Train/Rural/images_png/443.png Train/Rural/masks_png/443.png
Train/Rural/images_png/444.png Train/Rural/masks_png/444.png
Train/Rural/images_png/445.png Train/Rural/masks_png/445.png
Train/Rural/images_png/446.png Train/Rural/masks_png/446.png
Train/Rural/images_png/447.png Train/Rural/masks_png/447.png
Train/Rural/images_png/448.png Train/Rural/masks_png/448.png
Train/Rural/images_png/449.png Train/Rural/masks_png/449.png
Train/Rural/images_png/45.png Train/Rural/masks_png/45.png
Train/Rural/images_png/450.png Train/Rural/masks_png/450.png
Train/Rural/images_png/451.png Train/Rural/masks_png/451.png
Train/Rural/images_png/452.png Train/Rural/masks_png/452.png
Train/Rural/images_png/453.png Train/Rural/masks_png/453.png
Train/Rural/images_png/454.png Train/Rural/masks_png/454.png
Train/Rural/images_png/455.png Train/Rural/masks_png/455.png
Train/Rural/images_png/456.png Train/Rural/masks_png/456.png
Train/Rural/images_png/457.png Train/Rural/masks_png/457.png
Train/Rural/images_png/458.png Train/Rural/masks_png/458.png
Train/Rural/images_png/459.png Train/Rural/masks_png/459.png
Train/Rural/images_png/46.png Train/Rural/masks_png/46.png
Train/Rural/images_png/460.png Train/Rural/masks_png/460.png
Train/Rural/images_png/461.png Train/Rural/masks_png/461.png
Train/Rural/images_png/462.png Train/Rural/masks_png/462.png
Train/Rural/images_png/463.png Train/Rural/masks_png/463.png
Train/Rural/images_png/464.png Train/Rural/masks_png/464.png
Train/Rural/images_png/465.png Train/Rural/masks_png/465.png
Train/Rural/images_png/466.png Train/Rural/masks_png/466.png
Train/Rural/images_png/467.png Train/Rural/masks_png/467.png
Train/Rural/images_png/468.png Train/Rural/masks_png/468.png
Train/Rural/images_png/469.png Train/Rural/masks_png/469.png
Train/Rural/images_png/47.png Train/Rural/masks_png/47.png
Train/Rural/images_png/470.png Train/Rural/masks_png/470.png
Train/Rural/images_png/471.png Train/Rural/masks_png/471.png
Train/Rural/images_png/472.png Train/Rural/masks_png/472.png
Train/Rural/images_png/473.png Train/Rural/masks_png/473.png
Train/Rural/images_png/474.png Train/Rural/masks_png/474.png
Train/Rural/images_png/475.png Train/Rural/masks_png/475.png
Train/Rural/images_png/476.png Train/Rural/masks_png/476.png
Train/Rural/images_png/477.png Train/Rural/masks_png/477.png
Train/Rural/images_png/478.png Train/Rural/masks_png/478.png
Train/Rural/images_png/479.png Train/Rural/masks_png/479.png
Train/Rural/images_png/48.png Train/Rural/masks_png/48.png
Train/Rural/images_png/480.png Train/Rural/masks_png/480.png
Train/Rural/images_png/481.png Train/Rural/masks_png/481.png
Train/Rural/images_png/482.png Train/Rural/masks_png/482.png
Train/Rural/images_png/483.png Train/Rural/masks_png/483.png
Train/Rural/images_png/484.png Train/Rural/masks_png/484.png
Train/Rural/images_png/485.png Train/Rural/masks_png/485.png
Train/Rural/images_png/486.png Train/Rural/masks_png/486.png
Train/Rural/images_png/487.png Train/Rural/masks_png/487.png
Train/Rural/images_png/488.png Train/Rural/masks_png/488.png
Train/Rural/images_png/489.png Train/Rural/masks_png/489.png
Train/Rural/images_png/49.png Train/Rural/masks_png/49.png
Train/Rural/images_png/490.png Train/Rural/masks_png/490.png
Train/Rural/images_png/491.png Train/Rural/masks_png/491.png
Train/Rural/images_png/492.png Train/Rural/masks_png/492.png
Train/Rural/images_png/493.png Train/Rural/masks_png/493.png
Train/Rural/images_png/494.png Train/Rural/masks_png/494.png
Train/Rural/images_png/495.png Train/Rural/masks_png/495.png
Train/Rural/images_png/496.png Train/Rural/masks_png/496.png
Train/Rural/images_png/497.png Train/Rural/masks_png/497.png
Train/Rural/images_png/498.png Train/Rural/masks_png/498.png
Train/Rural/images_png/499.png Train/Rural/masks_png/499.png
Train/Rural/images_png/5.png Train/Rural/masks_png/5.png
Train/Rural/images_png/50.png Train/Rural/masks_png/50.png
Train/Rural/images_png/500.png Train/Rural/masks_png/500.png
Train/Rural/images_png/501.png Train/Rural/masks_png/501.png
Train/Rural/images_png/502.png Train/Rural/masks_png/502.png
Train/Rural/images_png/503.png Train/Rural/masks_png/503.png
Train/Rural/images_png/504.png Train/Rural/masks_png/504.png
Train/Rural/images_png/505.png Train/Rural/masks_png/505.png
Train/Rural/images_png/506.png Train/Rural/masks_png/506.png
Train/Rural/images_png/507.png Train/Rural/masks_png/507.png
Train/Rural/images_png/508.png Train/Rural/masks_png/508.png
Train/Rural/images_png/509.png Train/Rural/masks_png/509.png
Train/Rural/images_png/51.png Train/Rural/masks_png/51.png
Train/Rural/images_png/510.png Train/Rural/masks_png/510.png
Train/Rural/images_png/511.png Train/Rural/masks_png/511.png
Train/Rural/images_png/512.png Train/Rural/masks_png/512.png
Train/Rural/images_png/513.png Train/Rural/masks_png/513.png
Train/Rural/images_png/514.png Train/Rural/masks_png/514.png
Train/Rural/images_png/515.png Train/Rural/masks_png/515.png
Train/Rural/images_png/516.png Train/Rural/masks_png/516.png
Train/Rural/images_png/517.png Train/Rural/masks_png/517.png
Train/Rural/images_png/518.png Train/Rural/masks_png/518.png
Train/Rural/images_png/519.png Train/Rural/masks_png/519.png
Train/Rural/images_png/52.png Train/Rural/masks_png/52.png
Train/Rural/images_png/520.png Train/Rural/masks_png/520.png
Train/Rural/images_png/521.png Train/Rural/masks_png/521.png
Train/Rural/images_png/522.png Train/Rural/masks_png/522.png
Train/Rural/images_png/523.png Train/Rural/masks_png/523.png
Train/Rural/images_png/524.png Train/Rural/masks_png/524.png
Train/Rural/images_png/525.png Train/Rural/masks_png/525.png
Train/Rural/images_png/526.png Train/Rural/masks_png/526.png
Train/Rural/images_png/527.png Train/Rural/masks_png/527.png
Train/Rural/images_png/528.png Train/Rural/masks_png/528.png
Train/Rural/images_png/529.png Train/Rural/masks_png/529.png
Train/Rural/images_png/53.png Train/Rural/masks_png/53.png
Train/Rural/images_png/530.png Train/Rural/masks_png/530.png
Train/Rural/images_png/531.png Train/Rural/masks_png/531.png
Train/Rural/images_png/532.png Train/Rural/masks_png/532.png
Train/Rural/images_png/533.png Train/Rural/masks_png/533.png
Train/Rural/images_png/534.png Train/Rural/masks_png/534.png
Train/Rural/images_png/535.png Train/Rural/masks_png/535.png
Train/Rural/images_png/536.png Train/Rural/masks_png/536.png
Train/Rural/images_png/537.png Train/Rural/masks_png/537.png
Train/Rural/images_png/538.png Train/Rural/masks_png/538.png
Train/Rural/images_png/539.png Train/Rural/masks_png/539.png
Train/Rural/images_png/54.png Train/Rural/masks_png/54.png
Train/Rural/images_png/540.png Train/Rural/masks_png/540.png
Train/Rural/images_png/541.png Train/Rural/masks_png/541.png
Train/Rural/images_png/542.png Train/Rural/masks_png/542.png
Train/Rural/images_png/543.png Train/Rural/masks_png/543.png
Train/Rural/images_png/544.png Train/Rural/masks_png/544.png
Train/Rural/images_png/545.png Train/Rural/masks_png/545.png
Train/Rural/images_png/546.png Train/Rural/masks_png/546.png
Train/Rural/images_png/547.png Train/Rural/masks_png/547.png
Train/Rural/images_png/548.png Train/Rural/masks_png/548.png
Train/Rural/images_png/549.png Train/Rural/masks_png/549.png
Train/Rural/images_png/55.png Train/Rural/masks_png/55.png
Train/Rural/images_png/550.png Train/Rural/masks_png/550.png
Train/Rural/images_png/551.png Train/Rural/masks_png/551.png
Train/Rural/images_png/552.png Train/Rural/masks_png/552.png
Train/Rural/images_png/553.png Train/Rural/masks_png/553.png
Train/Rural/images_png/554.png Train/Rural/masks_png/554.png
Train/Rural/images_png/555.png Train/Rural/masks_png/555.png
Train/Rural/images_png/556.png Train/Rural/masks_png/556.png
Train/Rural/images_png/557.png Train/Rural/masks_png/557.png
Train/Rural/images_png/558.png Train/Rural/masks_png/558.png
Train/Rural/images_png/559.png Train/Rural/masks_png/559.png
Train/Rural/images_png/56.png Train/Rural/masks_png/56.png
Train/Rural/images_png/560.png Train/Rural/masks_png/560.png
Train/Rural/images_png/561.png Train/Rural/masks_png/561.png
Train/Rural/images_png/562.png Train/Rural/masks_png/562.png
Train/Rural/images_png/563.png Train/Rural/masks_png/563.png
Train/Rural/images_png/564.png Train/Rural/masks_png/564.png
Train/Rural/images_png/565.png Train/Rural/masks_png/565.png
Train/Rural/images_png/566.png Train/Rural/masks_png/566.png
Train/Rural/images_png/567.png Train/Rural/masks_png/567.png
Train/Rural/images_png/568.png Train/Rural/masks_png/568.png
Train/Rural/images_png/569.png Train/Rural/masks_png/569.png
Train/Rural/images_png/57.png Train/Rural/masks_png/57.png
Train/Rural/images_png/570.png Train/Rural/masks_png/570.png
Train/Rural/images_png/571.png Train/Rural/masks_png/571.png
Train/Rural/images_png/572.png Train/Rural/masks_png/572.png
Train/Rural/images_png/573.png Train/Rural/masks_png/573.png
Train/Rural/images_png/574.png Train/Rural/masks_png/574.png
Train/Rural/images_png/575.png Train/Rural/masks_png/575.png
Train/Rural/images_png/576.png Train/Rural/masks_png/576.png
Train/Rural/images_png/577.png Train/Rural/masks_png/577.png
Train/Rural/images_png/578.png Train/Rural/masks_png/578.png
Train/Rural/images_png/579.png Train/Rural/masks_png/579.png
Train/Rural/images_png/58.png Train/Rural/masks_png/58.png
Train/Rural/images_png/580.png Train/Rural/masks_png/580.png
Train/Rural/images_png/581.png Train/Rural/masks_png/581.png
Train/Rural/images_png/582.png Train/Rural/masks_png/582.png
Train/Rural/images_png/583.png Train/Rural/masks_png/583.png
Train/Rural/images_png/584.png Train/Rural/masks_png/584.png
Train/Rural/images_png/585.png Train/Rural/masks_png/585.png
Train/Rural/images_png/586.png Train/Rural/masks_png/586.png
Train/Rural/images_png/587.png Train/Rural/masks_png/587.png
Train/Rural/images_png/588.png Train/Rural/masks_png/588.png
Train/Rural/images_png/589.png Train/Rural/masks_png/589.png
Train/Rural/images_png/59.png Train/Rural/masks_png/59.png
Train/Rural/images_png/590.png Train/Rural/masks_png/590.png
Train/Rural/images_png/591.png Train/Rural/masks_png/591.png
Train/Rural/images_png/592.png Train/Rural/masks_png/592.png
Train/Rural/images_png/593.png Train/Rural/masks_png/593.png
Train/Rural/images_png/594.png Train/Rural/masks_png/594.png
Train/Rural/images_png/595.png Train/Rural/masks_png/595.png
Train/Rural/images_png/596.png Train/Rural/masks_png/596.png
Train/Rural/images_png/597.png Train/Rural/masks_png/597.png
Train/Rural/images_png/598.png Train/Rural/masks_png/598.png
Train/Rural/images_png/599.png Train/Rural/masks_png/599.png
Train/Rural/images_png/6.png Train/Rural/masks_png/6.png
Train/Rural/images_png/60.png Train/Rural/masks_png/60.png
Train/Rural/images_png/600.png Train/Rural/masks_png/600.png
Train/Rural/images_png/601.png Train/Rural/masks_png/601.png
Train/Rural/images_png/602.png Train/Rural/masks_png/602.png
Train/Rural/images_png/603.png Train/Rural/masks_png/603.png
Train/Rural/images_png/604.png Train/Rural/masks_png/604.png
Train/Rural/images_png/605.png Train/Rural/masks_png/605.png
Train/Rural/images_png/606.png Train/Rural/masks_png/606.png
Train/Rural/images_png/607.png Train/Rural/masks_png/607.png
Train/Rural/images_png/608.png Train/Rural/masks_png/608.png
Train/Rural/images_png/609.png Train/Rural/masks_png/609.png
Train/Rural/images_png/61.png Train/Rural/masks_png/61.png
Train/Rural/images_png/610.png Train/Rural/masks_png/610.png
Train/Rural/images_png/611.png Train/Rural/masks_png/611.png
Train/Rural/images_png/612.png Train/Rural/masks_png/612.png
Train/Rural/images_png/613.png Train/Rural/masks_png/613.png
Train/Rural/images_png/614.png Train/Rural/masks_png/614.png
Train/Rural/images_png/615.png Train/Rural/masks_png/615.png
Train/Rural/images_png/616.png Train/Rural/masks_png/616.png
Train/Rural/images_png/617.png Train/Rural/masks_png/617.png
Train/Rural/images_png/618.png Train/Rural/masks_png/618.png
Train/Rural/images_png/619.png Train/Rural/masks_png/619.png
Train/Rural/images_png/62.png Train/Rural/masks_png/62.png
Train/Rural/images_png/620.png Train/Rural/masks_png/620.png
Train/Rural/images_png/621.png Train/Rural/masks_png/621.png
Train/Rural/images_png/622.png Train/Rural/masks_png/622.png
Train/Rural/images_png/623.png Train/Rural/masks_png/623.png
Train/Rural/images_png/624.png Train/Rural/masks_png/624.png
Train/Rural/images_png/625.png Train/Rural/masks_png/625.png
Train/Rural/images_png/626.png Train/Rural/masks_png/626.png
Train/Rural/images_png/627.png Train/Rural/masks_png/627.png
Train/Rural/images_png/628.png Train/Rural/masks_png/628.png
Train/Rural/images_png/629.png Train/Rural/masks_png/629.png
Train/Rural/images_png/63.png Train/Rural/masks_png/63.png
Train/Rural/images_png/630.png Train/Rural/masks_png/630.png
Train/Rural/images_png/631.png Train/Rural/masks_png/631.png
Train/Rural/images_png/632.png Train/Rural/masks_png/632.png
Train/Rural/images_png/633.png Train/Rural/masks_png/633.png
Train/Rural/images_png/634.png Train/Rural/masks_png/634.png
Train/Rural/images_png/635.png Train/Rural/masks_png/635.png
Train/Rural/images_png/636.png Train/Rural/masks_png/636.png
Train/Rural/images_png/637.png Train/Rural/masks_png/637.png
Train/Rural/images_png/638.png Train/Rural/masks_png/638.png
Train/Rural/images_png/639.png Train/Rural/masks_png/639.png
Train/Rural/images_png/64.png Train/Rural/masks_png/64.png
Train/Rural/images_png/640.png Train/Rural/masks_png/640.png
Train/Rural/images_png/641.png Train/Rural/masks_png/641.png
Train/Rural/images_png/642.png Train/Rural/masks_png/642.png
Train/Rural/images_png/643.png Train/Rural/masks_png/643.png
Train/Rural/images_png/644.png Train/Rural/masks_png/644.png
Train/Rural/images_png/645.png Train/Rural/masks_png/645.png
Train/Rural/images_png/646.png Train/Rural/masks_png/646.png
Train/Rural/images_png/647.png Train/Rural/masks_png/647.png
Train/Rural/images_png/648.png Train/Rural/masks_png/648.png
Train/Rural/images_png/649.png Train/Rural/masks_png/649.png
Train/Rural/images_png/65.png Train/Rural/masks_png/65.png
Train/Rural/images_png/650.png Train/Rural/masks_png/650.png
Train/Rural/images_png/651.png Train/Rural/masks_png/651.png
Train/Rural/images_png/652.png Train/Rural/masks_png/652.png
Train/Rural/images_png/653.png Train/Rural/masks_png/653.png
Train/Rural/images_png/654.png Train/Rural/masks_png/654.png
Train/Rural/images_png/655.png Train/Rural/masks_png/655.png
Train/Rural/images_png/656.png Train/Rural/masks_png/656.png
Train/Rural/images_png/657.png Train/Rural/masks_png/657.png
Train/Rural/images_png/658.png Train/Rural/masks_png/658.png
Train/Rural/images_png/659.png Train/Rural/masks_png/659.png
Train/Rural/images_png/66.png Train/Rural/masks_png/66.png
Train/Rural/images_png/660.png Train/Rural/masks_png/660.png
Train/Rural/images_png/661.png Train/Rural/masks_png/661.png
Train/Rural/images_png/662.png Train/Rural/masks_png/662.png
Train/Rural/images_png/663.png Train/Rural/masks_png/663.png
Train/Rural/images_png/664.png Train/Rural/masks_png/664.png
Train/Rural/images_png/665.png Train/Rural/masks_png/665.png
Train/Rural/images_png/666.png Train/Rural/masks_png/666.png
Train/Rural/images_png/667.png Train/Rural/masks_png/667.png
Train/Rural/images_png/668.png Train/Rural/masks_png/668.png
Train/Rural/images_png/669.png Train/Rural/masks_png/669.png
Train/Rural/images_png/67.png Train/Rural/masks_png/67.png
Train/Rural/images_png/670.png Train/Rural/masks_png/670.png
Train/Rural/images_png/671.png Train/Rural/masks_png/671.png
Train/Rural/images_png/672.png Train/Rural/masks_png/672.png
Train/Rural/images_png/673.png Train/Rural/masks_png/673.png
Train/Rural/images_png/674.png Train/Rural/masks_png/674.png
Train/Rural/images_png/675.png Train/Rural/masks_png/675.png
Train/Rural/images_png/676.png Train/Rural/masks_png/676.png
Train/Rural/images_png/677.png Train/Rural/masks_png/677.png
Train/Rural/images_png/678.png Train/Rural/masks_png/678.png
Train/Rural/images_png/679.png Train/Rural/masks_png/679.png
Train/Rural/images_png/68.png Train/Rural/masks_png/68.png
Train/Rural/images_png/680.png Train/Rural/masks_png/680.png
Train/Rural/images_png/681.png Train/Rural/masks_png/681.png
Train/Rural/images_png/682.png Train/Rural/masks_png/682.png
Train/Rural/images_png/683.png Train/Rural/masks_png/683.png
Train/Rural/images_png/684.png Train/Rural/masks_png/684.png
Train/Rural/images_png/685.png Train/Rural/masks_png/685.png
Train/Rural/images_png/686.png Train/Rural/masks_png/686.png
Train/Rural/images_png/687.png Train/Rural/masks_png/687.png
Train/Rural/images_png/688.png Train/Rural/masks_png/688.png
Train/Rural/images_png/689.png Train/Rural/masks_png/689.png
Train/Rural/images_png/69.png Train/Rural/masks_png/69.png
Train/Rural/images_png/690.png Train/Rural/masks_png/690.png
Train/Rural/images_png/691.png Train/Rural/masks_png/691.png
Train/Rural/images_png/692.png Train/Rural/masks_png/692.png
Train/Rural/images_png/693.png Train/Rural/masks_png/693.png
Train/Rural/images_png/694.png Train/Rural/masks_png/694.png
Train/Rural/images_png/695.png Train/Rural/masks_png/695.png
Train/Rural/images_png/696.png Train/Rural/masks_png/696.png
Train/Rural/images_png/697.png Train/Rural/masks_png/697.png
Train/Rural/images_png/698.png Train/Rural/masks_png/698.png
Train/Rural/images_png/699.png Train/Rural/masks_png/699.png
Train/Rural/images_png/7.png Train/Rural/masks_png/7.png
Train/Rural/images_png/70.png Train/Rural/masks_png/70.png
Train/Rural/images_png/700.png Train/Rural/masks_png/700.png
Train/Rural/images_png/701.png Train/Rural/masks_png/701.png
Train/Rural/images_png/702.png Train/Rural/masks_png/702.png
Train/Rural/images_png/703.png Train/Rural/masks_png/703.png
Train/Rural/images_png/704.png Train/Rural/masks_png/704.png
Train/Rural/images_png/705.png Train/Rural/masks_png/705.png
Train/Rural/images_png/706.png Train/Rural/masks_png/706.png
Train/Rural/images_png/707.png Train/Rural/masks_png/707.png
Train/Rural/images_png/708.png Train/Rural/masks_png/708.png
Train/Rural/images_png/709.png Train/Rural/masks_png/709.png
Train/Rural/images_png/71.png Train/Rural/masks_png/71.png
Train/Rural/images_png/710.png Train/Rural/masks_png/710.png
Train/Rural/images_png/711.png Train/Rural/masks_png/711.png
Train/Rural/images_png/712.png Train/Rural/masks_png/712.png
Train/Rural/images_png/713.png Train/Rural/masks_png/713.png
Train/Rural/images_png/714.png Train/Rural/masks_png/714.png
Train/Rural/images_png/715.png Train/Rural/masks_png/715.png
Train/Rural/images_png/716.png Train/Rural/masks_png/716.png
Train/Rural/images_png/717.png Train/Rural/masks_png/717.png
Train/Rural/images_png/718.png Train/Rural/masks_png/718.png
Train/Rural/images_png/719.png Train/Rural/masks_png/719.png
Train/Rural/images_png/72.png Train/Rural/masks_png/72.png
Train/Rural/images_png/720.png Train/Rural/masks_png/720.png
Train/Rural/images_png/721.png Train/Rural/masks_png/721.png
Train/Rural/images_png/722.png Train/Rural/masks_png/722.png
Train/Rural/images_png/723.png Train/Rural/masks_png/723.png
Train/Rural/images_png/724.png Train/Rural/masks_png/724.png
Train/Rural/images_png/725.png Train/Rural/masks_png/725.png
Train/Rural/images_png/726.png Train/Rural/masks_png/726.png
Train/Rural/images_png/727.png Train/Rural/masks_png/727.png
Train/Rural/images_png/728.png Train/Rural/masks_png/728.png
Train/Rural/images_png/729.png Train/Rural/masks_png/729.png
Train/Rural/images_png/73.png Train/Rural/masks_png/73.png
Train/Rural/images_png/730.png Train/Rural/masks_png/730.png
Train/Rural/images_png/731.png Train/Rural/masks_png/731.png
Train/Rural/images_png/732.png Train/Rural/masks_png/732.png
Train/Rural/images_png/733.png Train/Rural/masks_png/733.png
Train/Rural/images_png/734.png Train/Rural/masks_png/734.png
Train/Rural/images_png/735.png Train/Rural/masks_png/735.png
Train/Rural/images_png/736.png Train/Rural/masks_png/736.png
Train/Rural/images_png/737.png Train/Rural/masks_png/737.png
Train/Rural/images_png/738.png Train/Rural/masks_png/738.png
Train/Rural/images_png/739.png Train/Rural/masks_png/739.png
Train/Rural/images_png/74.png Train/Rural/masks_png/74.png
Train/Rural/images_png/740.png Train/Rural/masks_png/740.png
Train/Rural/images_png/741.png Train/Rural/masks_png/741.png
Train/Rural/images_png/742.png Train/Rural/masks_png/742.png
Train/Rural/images_png/743.png Train/Rural/masks_png/743.png
Train/Rural/images_png/744.png Train/Rural/masks_png/744.png
Train/Rural/images_png/745.png Train/Rural/masks_png/745.png
Train/Rural/images_png/746.png Train/Rural/masks_png/746.png
Train/Rural/images_png/747.png Train/Rural/masks_png/747.png
Train/Rural/images_png/748.png Train/Rural/masks_png/748.png
Train/Rural/images_png/749.png Train/Rural/masks_png/749.png
Train/Rural/images_png/75.png Train/Rural/masks_png/75.png
Train/Rural/images_png/750.png Train/Rural/masks_png/750.png
Train/Rural/images_png/751.png Train/Rural/masks_png/751.png
Train/Rural/images_png/752.png Train/Rural/masks_png/752.png
Train/Rural/images_png/753.png Train/Rural/masks_png/753.png
Train/Rural/images_png/754.png Train/Rural/masks_png/754.png
Train/Rural/images_png/755.png Train/Rural/masks_png/755.png
Train/Rural/images_png/756.png Train/Rural/masks_png/756.png
Train/Rural/images_png/757.png Train/Rural/masks_png/757.png
Train/Rural/images_png/758.png Train/Rural/masks_png/758.png
Train/Rural/images_png/759.png Train/Rural/masks_png/759.png
Train/Rural/images_png/76.png Train/Rural/masks_png/76.png
Train/Rural/images_png/760.png Train/Rural/masks_png/760.png
Train/Rural/images_png/761.png Train/Rural/masks_png/761.png
Train/Rural/images_png/762.png Train/Rural/masks_png/762.png
Train/Rural/images_png/763.png Train/Rural/masks_png/763.png
Train/Rural/images_png/764.png Train/Rural/masks_png/764.png
Train/Rural/images_png/765.png Train/Rural/masks_png/765.png
Train/Rural/images_png/766.png Train/Rural/masks_png/766.png
Train/Rural/images_png/767.png Train/Rural/masks_png/767.png
Train/Rural/images_png/768.png Train/Rural/masks_png/768.png
Train/Rural/images_png/769.png Train/Rural/masks_png/769.png
Train/Rural/images_png/77.png Train/Rural/masks_png/77.png
Train/Rural/images_png/770.png Train/Rural/masks_png/770.png
Train/Rural/images_png/771.png Train/Rural/masks_png/771.png
Train/Rural/images_png/772.png Train/Rural/masks_png/772.png
Train/Rural/images_png/773.png Train/Rural/masks_png/773.png
Train/Rural/images_png/774.png Train/Rural/masks_png/774.png
Train/Rural/images_png/775.png Train/Rural/masks_png/775.png
Train/Rural/images_png/776.png Train/Rural/masks_png/776.png
Train/Rural/images_png/777.png Train/Rural/masks_png/777.png
Train/Rural/images_png/778.png Train/Rural/masks_png/778.png
Train/Rural/images_png/779.png Train/Rural/masks_png/779.png
Train/Rural/images_png/78.png Train/Rural/masks_png/78.png
Train/Rural/images_png/780.png Train/Rural/masks_png/780.png
Train/Rural/images_png/781.png Train/Rural/masks_png/781.png
Train/Rural/images_png/782.png Train/Rural/masks_png/782.png
Train/Rural/images_png/783.png Train/Rural/masks_png/783.png
Train/Rural/images_png/784.png Train/Rural/masks_png/784.png
Train/Rural/images_png/785.png Train/Rural/masks_png/785.png
Train/Rural/images_png/786.png Train/Rural/masks_png/786.png
Train/Rural/images_png/787.png Train/Rural/masks_png/787.png
Train/Rural/images_png/788.png Train/Rural/masks_png/788.png
Train/Rural/images_png/789.png Train/Rural/masks_png/789.png
Train/Rural/images_png/79.png Train/Rural/masks_png/79.png
Train/Rural/images_png/790.png Train/Rural/masks_png/790.png
Train/Rural/images_png/791.png Train/Rural/masks_png/791.png
Train/Rural/images_png/792.png Train/Rural/masks_png/792.png
Train/Rural/images_png/793.png Train/Rural/masks_png/793.png
Train/Rural/images_png/794.png Train/Rural/masks_png/794.png
Train/Rural/images_png/795.png Train/Rural/masks_png/795.png
Train/Rural/images_png/796.png Train/Rural/masks_png/796.png
Train/Rural/images_png/797.png Train/Rural/masks_png/797.png
Train/Rural/images_png/798.png Train/Rural/masks_png/798.png
Train/Rural/images_png/799.png Train/Rural/masks_png/799.png
Train/Rural/images_png/8.png Train/Rural/masks_png/8.png
Train/Rural/images_png/80.png Train/Rural/masks_png/80.png
Train/Rural/images_png/800.png Train/Rural/masks_png/800.png
Train/Rural/images_png/801.png Train/Rural/masks_png/801.png
Train/Rural/images_png/802.png Train/Rural/masks_png/802.png
Train/Rural/images_png/803.png Train/Rural/masks_png/803.png
Train/Rural/images_png/804.png Train/Rural/masks_png/804.png
Train/Rural/images_png/805.png Train/Rural/masks_png/805.png
Train/Rural/images_png/806.png Train/Rural/masks_png/806.png
Train/Rural/images_png/807.png Train/Rural/masks_png/807.png
Train/Rural/images_png/808.png Train/Rural/masks_png/808.png
Train/Rural/images_png/809.png Train/Rural/masks_png/809.png
Train/Rural/images_png/81.png Train/Rural/masks_png/81.png
Train/Rural/images_png/810.png Train/Rural/masks_png/810.png
Train/Rural/images_png/811.png Train/Rural/masks_png/811.png
Train/Rural/images_png/812.png Train/Rural/masks_png/812.png
Train/Rural/images_png/813.png Train/Rural/masks_png/813.png
Train/Rural/images_png/814.png Train/Rural/masks_png/814.png
Train/Rural/images_png/815.png Train/Rural/masks_png/815.png
Train/Rural/images_png/816.png Train/Rural/masks_png/816.png
Train/Rural/images_png/817.png Train/Rural/masks_png/817.png
Train/Rural/images_png/818.png Train/Rural/masks_png/818.png
Train/Rural/images_png/819.png Train/Rural/masks_png/819.png
Train/Rural/images_png/82.png Train/Rural/masks_png/82.png
Train/Rural/images_png/820.png Train/Rural/masks_png/820.png
Train/Rural/images_png/821.png Train/Rural/masks_png/821.png
Train/Rural/images_png/822.png Train/Rural/masks_png/822.png
Train/Rural/images_png/823.png Train/Rural/masks_png/823.png
Train/Rural/images_png/824.png Train/Rural/masks_png/824.png
Train/Rural/images_png/825.png Train/Rural/masks_png/825.png
Train/Rural/images_png/826.png Train/Rural/masks_png/826.png
Train/Rural/images_png/827.png Train/Rural/masks_png/827.png
Train/Rural/images_png/828.png Train/Rural/masks_png/828.png
Train/Rural/images_png/829.png Train/Rural/masks_png/829.png
Train/Rural/images_png/83.png Train/Rural/masks_png/83.png
Train/Rural/images_png/830.png Train/Rural/masks_png/830.png
Train/Rural/images_png/831.png Train/Rural/masks_png/831.png
Train/Rural/images_png/832.png Train/Rural/masks_png/832.png
Train/Rural/images_png/833.png Train/Rural/masks_png/833.png
Train/Rural/images_png/834.png Train/Rural/masks_png/834.png
Train/Rural/images_png/835.png Train/Rural/masks_png/835.png
Train/Rural/images_png/836.png Train/Rural/masks_png/836.png
Train/Rural/images_png/837.png Train/Rural/masks_png/837.png
Train/Rural/images_png/838.png Train/Rural/masks_png/838.png
Train/Rural/images_png/839.png Train/Rural/masks_png/839.png
Train/Rural/images_png/84.png Train/Rural/masks_png/84.png
Train/Rural/images_png/840.png Train/Rural/masks_png/840.png
Train/Rural/images_png/841.png Train/Rural/masks_png/841.png
Train/Rural/images_png/842.png Train/Rural/masks_png/842.png
Train/Rural/images_png/843.png Train/Rural/masks_png/843.png
Train/Rural/images_png/844.png Train/Rural/masks_png/844.png
Train/Rural/images_png/845.png Train/Rural/masks_png/845.png
Train/Rural/images_png/846.png Train/Rural/masks_png/846.png
Train/Rural/images_png/847.png Train/Rural/masks_png/847.png
Train/Rural/images_png/848.png Train/Rural/masks_png/848.png
Train/Rural/images_png/849.png Train/Rural/masks_png/849.png
Train/Rural/images_png/85.png Train/Rural/masks_png/85.png
Train/Rural/images_png/850.png Train/Rural/masks_png/850.png
Train/Rural/images_png/851.png Train/Rural/masks_png/851.png
Train/Rural/images_png/852.png Train/Rural/masks_png/852.png
Train/Rural/images_png/853.png Train/Rural/masks_png/853.png
Train/Rural/images_png/854.png Train/Rural/masks_png/854.png
Train/Rural/images_png/855.png Train/Rural/masks_png/855.png
Train/Rural/images_png/856.png Train/Rural/masks_png/856.png
Train/Rural/images_png/857.png Train/Rural/masks_png/857.png
Train/Rural/images_png/858.png Train/Rural/masks_png/858.png
Train/Rural/images_png/859.png Train/Rural/masks_png/859.png
Train/Rural/images_png/86.png Train/Rural/masks_png/86.png
Train/Rural/images_png/860.png Train/Rural/masks_png/860.png
Train/Rural/images_png/861.png Train/Rural/masks_png/861.png
Train/Rural/images_png/862.png Train/Rural/masks_png/862.png
Train/Rural/images_png/863.png Train/Rural/masks_png/863.png
Train/Rural/images_png/864.png Train/Rural/masks_png/864.png
Train/Rural/images_png/865.png Train/Rural/masks_png/865.png
Train/Rural/images_png/866.png Train/Rural/masks_png/866.png
Train/Rural/images_png/867.png Train/Rural/masks_png/867.png
Train/Rural/images_png/868.png Train/Rural/masks_png/868.png
Train/Rural/images_png/869.png Train/Rural/masks_png/869.png
Train/Rural/images_png/87.png Train/Rural/masks_png/87.png
Train/Rural/images_png/870.png Train/Rural/masks_png/870.png
Train/Rural/images_png/871.png Train/Rural/masks_png/871.png
Train/Rural/images_png/872.png Train/Rural/masks_png/872.png
Train/Rural/images_png/873.png Train/Rural/masks_png/873.png
Train/Rural/images_png/874.png Train/Rural/masks_png/874.png
Train/Rural/images_png/875.png Train/Rural/masks_png/875.png
Train/Rural/images_png/876.png Train/Rural/masks_png/876.png
Train/Rural/images_png/877.png Train/Rural/masks_png/877.png
Train/Rural/images_png/878.png Train/Rural/masks_png/878.png
Train/Rural/images_png/879.png Train/Rural/masks_png/879.png
Train/Rural/images_png/88.png Train/Rural/masks_png/88.png
Train/Rural/images_png/880.png Train/Rural/masks_png/880.png
Train/Rural/images_png/881.png Train/Rural/masks_png/881.png
Train/Rural/images_png/882.png Train/Rural/masks_png/882.png
Train/Rural/images_png/883.png Train/Rural/masks_png/883.png
Train/Rural/images_png/884.png Train/Rural/masks_png/884.png
Train/Rural/images_png/885.png Train/Rural/masks_png/885.png
Train/Rural/images_png/886.png Train/Rural/masks_png/886.png
Train/Rural/images_png/887.png Train/Rural/masks_png/887.png
Train/Rural/images_png/888.png Train/Rural/masks_png/888.png
Train/Rural/images_png/889.png Train/Rural/masks_png/889.png
Train/Rural/images_png/89.png Train/Rural/masks_png/89.png
Train/Rural/images_png/890.png Train/Rural/masks_png/890.png
Train/Rural/images_png/891.png Train/Rural/masks_png/891.png
Train/Rural/images_png/892.png Train/Rural/masks_png/892.png
Train/Rural/images_png/893.png Train/Rural/masks_png/893.png
Train/Rural/images_png/894.png Train/Rural/masks_png/894.png
Train/Rural/images_png/895.png Train/Rural/masks_png/895.png
Train/Rural/images_png/896.png Train/Rural/masks_png/896.png
Train/Rural/images_png/897.png Train/Rural/masks_png/897.png
Train/Rural/images_png/898.png Train/Rural/masks_png/898.png
Train/Rural/images_png/899.png Train/Rural/masks_png/899.png
Train/Rural/images_png/9.png Train/Rural/masks_png/9.png
Train/Rural/images_png/90.png Train/Rural/masks_png/90.png
Train/Rural/images_png/900.png Train/Rural/masks_png/900.png
Train/Rural/images_png/901.png Train/Rural/masks_png/901.png
Train/Rural/images_png/902.png Train/Rural/masks_png/902.png
Train/Rural/images_png/903.png Train/Rural/masks_png/903.png
Train/Rural/images_png/904.png Train/Rural/masks_png/904.png
Train/Rural/images_png/905.png Train/Rural/masks_png/905.png
Train/Rural/images_png/906.png Train/Rural/masks_png/906.png
Train/Rural/images_png/907.png Train/Rural/masks_png/907.png
Train/Rural/images_png/908.png Train/Rural/masks_png/908.png
Train/Rural/images_png/909.png Train/Rural/masks_png/909.png
Train/Rural/images_png/91.png Train/Rural/masks_png/91.png
Train/Rural/images_png/910.png Train/Rural/masks_png/910.png
Train/Rural/images_png/911.png Train/Rural/masks_png/911.png
Train/Rural/images_png/912.png Train/Rural/masks_png/912.png
Train/Rural/images_png/913.png Train/Rural/masks_png/913.png
Train/Rural/images_png/914.png Train/Rural/masks_png/914.png
Train/Rural/images_png/915.png Train/Rural/masks_png/915.png
Train/Rural/images_png/916.png Train/Rural/masks_png/916.png
Train/Rural/images_png/917.png Train/Rural/masks_png/917.png
Train/Rural/images_png/918.png Train/Rural/masks_png/918.png
Train/Rural/images_png/919.png Train/Rural/masks_png/919.png
Train/Rural/images_png/92.png Train/Rural/masks_png/92.png
Train/Rural/images_png/920.png Train/Rural/masks_png/920.png
Train/Rural/images_png/921.png Train/Rural/masks_png/921.png
Train/Rural/images_png/922.png Train/Rural/masks_png/922.png
Train/Rural/images_png/923.png Train/Rural/masks_png/923.png
Train/Rural/images_png/924.png Train/Rural/masks_png/924.png
Train/Rural/images_png/925.png Train/Rural/masks_png/925.png
Train/Rural/images_png/926.png Train/Rural/masks_png/926.png
Train/Rural/images_png/927.png Train/Rural/masks_png/927.png
Train/Rural/images_png/928.png Train/Rural/masks_png/928.png
Train/Rural/images_png/929.png Train/Rural/masks_png/929.png
Train/Rural/images_png/93.png Train/Rural/masks_png/93.png
Train/Rural/images_png/930.png Train/Rural/masks_png/930.png
Train/Rural/images_png/931.png Train/Rural/masks_png/931.png
Train/Rural/images_png/932.png Train/Rural/masks_png/932.png
Train/Rural/images_png/933.png Train/Rural/masks_png/933.png
Train/Rural/images_png/934.png Train/Rural/masks_png/934.png
Train/Rural/images_png/935.png Train/Rural/masks_png/935.png
Train/Rural/images_png/936.png Train/Rural/masks_png/936.png
Train/Rural/images_png/937.png Train/Rural/masks_png/937.png
Train/Rural/images_png/938.png Train/Rural/masks_png/938.png
Train/Rural/images_png/939.png Train/Rural/masks_png/939.png
Train/Rural/images_png/94.png Train/Rural/masks_png/94.png
Train/Rural/images_png/940.png Train/Rural/masks_png/940.png
Train/Rural/images_png/941.png Train/Rural/masks_png/941.png
Train/Rural/images_png/942.png Train/Rural/masks_png/942.png
Train/Rural/images_png/943.png Train/Rural/masks_png/943.png
Train/Rural/images_png/944.png Train/Rural/masks_png/944.png
Train/Rural/images_png/945.png Train/Rural/masks_png/945.png
Train/Rural/images_png/946.png Train/Rural/masks_png/946.png
Train/Rural/images_png/947.png Train/Rural/masks_png/947.png
Train/Rural/images_png/948.png Train/Rural/masks_png/948.png
Train/Rural/images_png/949.png Train/Rural/masks_png/949.png
Train/Rural/images_png/95.png Train/Rural/masks_png/95.png
Train/Rural/images_png/950.png Train/Rural/masks_png/950.png
Train/Rural/images_png/951.png Train/Rural/masks_png/951.png
Train/Rural/images_png/952.png Train/Rural/masks_png/952.png
Train/Rural/images_png/953.png Train/Rural/masks_png/953.png
Train/Rural/images_png/954.png Train/Rural/masks_png/954.png
Train/Rural/images_png/955.png Train/Rural/masks_png/955.png
Train/Rural/images_png/956.png Train/Rural/masks_png/956.png
Train/Rural/images_png/957.png Train/Rural/masks_png/957.png
Train/Rural/images_png/958.png Train/Rural/masks_png/958.png
Train/Rural/images_png/959.png Train/Rural/masks_png/959.png
Train/Rural/images_png/96.png Train/Rural/masks_png/96.png
Train/Rural/images_png/960.png Train/Rural/masks_png/960.png
Train/Rural/images_png/961.png Train/Rural/masks_png/961.png
Train/Rural/images_png/962.png Train/Rural/masks_png/962.png
Train/Rural/images_png/963.png Train/Rural/masks_png/963.png
Train/Rural/images_png/964.png Train/Rural/masks_png/964.png
Train/Rural/images_png/965.png Train/Rural/masks_png/965.png
Train/Rural/images_png/966.png Train/Rural/masks_png/966.png
Train/Rural/images_png/967.png Train/Rural/masks_png/967.png
Train/Rural/images_png/968.png Train/Rural/masks_png/968.png
Train/Rural/images_png/969.png Train/Rural/masks_png/969.png
Train/Rural/images_png/97.png Train/Rural/masks_png/97.png
Train/Rural/images_png/970.png Train/Rural/masks_png/970.png
Train/Rural/images_png/971.png Train/Rural/masks_png/971.png
Train/Rural/images_png/972.png Train/Rural/masks_png/972.png
Train/Rural/images_png/973.png Train/Rural/masks_png/973.png
Train/Rural/images_png/974.png Train/Rural/masks_png/974.png
Train/Rural/images_png/975.png Train/Rural/masks_png/975.png
Train/Rural/images_png/976.png Train/Rural/masks_png/976.png
Train/Rural/images_png/977.png Train/Rural/masks_png/977.png
Train/Rural/images_png/978.png Train/Rural/masks_png/978.png
Train/Rural/images_png/979.png Train/Rural/masks_png/979.png
Train/Rural/images_png/98.png Train/Rural/masks_png/98.png
Train/Rural/images_png/980.png Train/Rural/masks_png/980.png
Train/Rural/images_png/981.png Train/Rural/masks_png/981.png
Train/Rural/images_png/982.png Train/Rural/masks_png/982.png
Train/Rural/images_png/983.png Train/Rural/masks_png/983.png
Train/Rural/images_png/984.png Train/Rural/masks_png/984.png
Train/Rural/images_png/985.png Train/Rural/masks_png/985.png
Train/Rural/images_png/986.png Train/Rural/masks_png/986.png
Train/Rural/images_png/987.png Train/Rural/masks_png/987.png
Train/Rural/images_png/988.png Train/Rural/masks_png/988.png
Train/Rural/images_png/989.png Train/Rural/masks_png/989.png
Train/Rural/images_png/99.png Train/Rural/masks_png/99.png
Train/Rural/images_png/990.png Train/Rural/masks_png/990.png
Train/Rural/images_png/991.png Train/Rural/masks_png/991.png
Train/Rural/images_png/992.png Train/Rural/masks_png/992.png
Train/Rural/images_png/993.png Train/Rural/masks_png/993.png
Train/Rural/images_png/994.png Train/Rural/masks_png/994.png
Train/Rural/images_png/995.png Train/Rural/masks_png/995.png
Train/Rural/images_png/996.png Train/Rural/masks_png/996.png
Train/Rural/images_png/997.png Train/Rural/masks_png/997.png
Train/Rural/images_png/998.png Train/Rural/masks_png/998.png
Train/Rural/images_png/999.png Train/Rural/masks_png/999.png
